[INFO] Scanning for projects...
[INFO] 
[INFO] -----------< com.example:distributed-order-matching-engine >------------
[INFO] Building distributed-order-matching-engine 0.0.1-SNAPSHOT
[INFO]   from pom.xml
[INFO] --------------------------------[ jar ]---------------------------------
[INFO] 
[INFO] --- resources:3.3.1:resources (default-resources) @ distributed-order-matching-engine ---
[INFO] Copying 1 resource from src\main\resources to target\classes
[INFO] Copying 0 resource from src\main\resources to target\classes
[INFO] 
[INFO] --- compiler:3.13.0:compile (default-compile) @ distributed-order-matching-engine ---
[INFO] Recompiling the module because of changed source code.
[INFO] Compiling 35 source files with javac [debug parameters release 17] to target\classes
mvn : WARNING: A terminally deprecated method in 
sun.misc.Unsafe has been called
At line:1 char:1
+ mvn compile > compile_output.txt 2>&1
+ ~~~~~~~~~~~~~~~~~~~~~~~~~~~~~~~~~~~~~
    + CategoryInfo          : NotSpecified: (WARNING: A term... 
   has been called:String) [], RemoteException
    + FullyQualifiedErrorId : NativeCommandError
 
WARNING: sun.misc.Unsafe::objectFieldOffset has been called by 
lombok.permit.Permit
WARNING: Please consider reporting this to the maintainers of 
class lombok.permit.Permit
WARNING: sun.misc.Unsafe::objectFieldOffset will be removed in 
a future release
[INFO] /C:/Users/ayush/.gemini/antigravity/scratch/distributed-order-matching-engine/src/main/java/com/example/dome/security/RateLimitFilter.java: C:\Users\ayush\.gemini\antigravity\scratch\distributed-order-matching-engine\src\main\java\com\example\dome\security\RateLimitFilter.java uses or overrides a deprecated API.
[INFO] /C:/Users/ayush/.gemini/antigravity/scratch/distributed-order-matching-engine/src/main/java/com/example/dome/security/RateLimitFilter.java: Recompile with -Xlint:deprecation for details.
[INFO] -------------------------------------------------------------
[ERROR] COMPILATION ERROR : 
[INFO] -------------------------------------------------------------
[ERROR] /C:/Users/ayush/.gemini/antigravity/scratch/distributed-order-matching-engine/src/main/java/com/example/dome/analytics/AnalyticsController.java:[40,26] cannot find symbol
  symbol:   method getBuyerOrderId()
  location: variable trade of type com.example.dome.model.Trade
[ERROR] /C:/Users/ayush/.gemini/antigravity/scratch/distributed-order-matching-engine/src/main/java/com/example/dome/analytics/AnalyticsController.java:[41,26] cannot find symbol
  symbol:   method getSellerOrderId()
  location: variable trade of type com.example.dome.model.Trade
[INFO] 2 errors 
[INFO] -------------------------------------------------------------
[INFO] ------------------------------------------------------------------------
[INFO] BUILD FAILURE
[INFO] ------------------------------------------------------------------------
[INFO] Total time:  11.271 s
[INFO] Finished at: 2026-01-21T01:02:47+05:30
[INFO] ------------------------------------------------------------------------
[ERROR] Failed to execute goal org.apache.maven.plugins:maven-compiler-plugin:3.13.0:compile (default-compile) on project distributed-order-matching-engine: Compilation failure: Compilation failure: 
[ERROR] /C:/Users/ayush/.gemini/antigravity/scratch/distributed-order-matching-engine/src/main/java/com/example/dome/analytics/AnalyticsController.java:[40,26] cannot find symbol
[ERROR]   symbol:   method getBuyerOrderId()
[ERROR]   location: variable trade of type com.example.dome.model.Trade
[ERROR] /C:/Users/ayush/.gemini/antigravity/scratch/distributed-order-matching-engine/src/main/java/com/example/dome/analytics/AnalyticsController.java:[41,26] cannot find symbol
[ERROR]   symbol:   method getSellerOrderId()
[ERROR]   location: variable trade of type com.example.dome.model.Trade
[ERROR] -> [Help 1]
[ERROR] 
[ERROR] To see the full stack trace of the errors, re-run Maven with the -e switch.
[ERROR] Re-run Maven using the -X switch to enable full debug logging.
[ERROR] 
[ERROR] For more information about the errors and possible solutions, please read the following articles:
[ERROR] [Help 1] http://cwiki.apache.org/confluence/display/MAVEN/MojoFailureException
