[INFO] Scanning for projects...
[INFO] 
[INFO] -----------< com.example:distributed-order-matching-engine >------------
[INFO] Building distributed-order-matching-engine 0.0.1-SNAPSHOT
[INFO]   from pom.xml
[INFO] --------------------------------[ jar ]---------------------------------
[INFO] 
[INFO] --- clean:3.3.2:clean (default-clean) @ distributed-order-matching-engine ---
[INFO] Deleting C:\Users\ayush\.gemini\antigravity\scratch\distributed-order-matching-engine\target
[INFO] 
[INFO] --- resources:3.3.1:resources (default-resources) @ distributed-order-matching-engine ---
[INFO] Copying 1 resource from src\main\resources to target\classes
[INFO] Copying 0 resource from src\main\resources to target\classes
[INFO] 
[INFO] --- compiler:3.13.0:compile (default-compile) @ distributed-order-matching-engine ---
[INFO] Recompiling the module because of changed source code.
[INFO] Compiling 19 source files with javac [debug parameters release 17] to target\classes
[INFO] -------------------------------------------------------------
[ERROR] COMPILATION ERROR : 
[INFO] -------------------------------------------------------------
[ERROR] /C:/Users/ayush/.gemini/antigravity/scratch/distributed-order-matching-engine/src/main/java/com/example/dome/persistence/TradeRepository.java:[51,22] cannot find symbol
  symbol:   method tradeId()
  location: variable trade of type com.example.dome.model.Trade
[ERROR] /C:/Users/ayush/.gemini/antigravity/scratch/distributed-order-matching-engine/src/main/java/com/example/dome/persistence/TradeRepository.java:[52,22] cannot find symbol
  symbol:   method symbol()
  location: variable trade of type com.example.dome.model.Trade
[ERROR] /C:/Users/ayush/.gemini/antigravity/scratch/distributed-order-matching-engine/src/main/java/com/example/dome/persistence/TradeRepository.java:[53,22] cannot find symbol
  symbol:   method buyOrderId()
  location: variable trade of type com.example.dome.model.Trade
[ERROR] /C:/Users/ayush/.gemini/antigravity/scratch/distributed-order-matching-engine/src/main/java/com/example/dome/persistence/TradeRepository.java:[54,22] cannot find symbol
  symbol:   method sellOrderId()
  location: variable trade of type com.example.dome.model.Trade
[ERROR] /C:/Users/ayush/.gemini/antigravity/scratch/distributed-order-matching-engine/src/main/java/com/example/dome/persistence/TradeRepository.java:[55,22] cannot find symbol
  symbol:   method price()
  location: variable trade of type com.example.dome.model.Trade
[ERROR] /C:/Users/ayush/.gemini/antigravity/scratch/distributed-order-matching-engine/src/main/java/com/example/dome/persistence/TradeRepository.java:[56,22] cannot find symbol
  symbol:   method quantity()
  location: variable trade of type com.example.dome.model.Trade
[ERROR] /C:/Users/ayush/.gemini/antigravity/scratch/distributed-order-matching-engine/src/main/java/com/example/dome/persistence/TradeRepository.java:[57,37] cannot find symbol
  symbol:   method timestamp()
  location: variable trade of type com.example.dome.model.Trade
[INFO] 7 errors 
[INFO] -------------------------------------------------------------
[INFO] ------------------------------------------------------------------------
[INFO] BUILD FAILURE
[INFO] ------------------------------------------------------------------------
[INFO] Total time:  6.491 s
[INFO] Finished at: 2026-01-20T01:45:15+05:30
[INFO] ------------------------------------------------------------------------
[ERROR] Failed to execute goal org.apache.maven.plugins:maven-compiler-plugin:3.13.0:compile (default-compile) on project distributed-order-matching-engine: Compilation failure: Compilation failure: 
[ERROR] /C:/Users/ayush/.gemini/antigravity/scratch/distributed-order-matching-engine/src/main/java/com/example/dome/persistence/TradeRepository.java:[51,22] cannot find symbol
[ERROR]   symbol:   method tradeId()
[ERROR]   location: variable trade of type com.example.dome.model.Trade
[ERROR] /C:/Users/ayush/.gemini/antigravity/scratch/distributed-order-matching-engine/src/main/java/com/example/dome/persistence/TradeRepository.java:[52,22] cannot find symbol
[ERROR]   symbol:   method symbol()
[ERROR]   location: variable trade of type com.example.dome.model.Trade
[ERROR] /C:/Users/ayush/.gemini/antigravity/scratch/distributed-order-matching-engine/src/main/java/com/example/dome/persistence/TradeRepository.java:[53,22] cannot find symbol
[ERROR]   symbol:   method buyOrderId()
[ERROR]   location: variable trade of type com.example.dome.model.Trade
[ERROR] /C:/Users/ayush/.gemini/antigravity/scratch/distributed-order-matching-engine/src/main/java/com/example/dome/persistence/TradeRepository.java:[54,22] cannot find symbol
[ERROR]   symbol:   method sellOrderId()
[ERROR]   location: variable trade of type com.example.dome.model.Trade
[ERROR] /C:/Users/ayush/.gemini/antigravity/scratch/distributed-order-matching-engine/src/main/java/com/example/dome/persistence/TradeRepository.java:[55,22] cannot find symbol
[ERROR]   symbol:   method price()
[ERROR]   location: variable trade of type com.example.dome.model.Trade
[ERROR] /C:/Users/ayush/.gemini/antigravity/scratch/distributed-order-matching-engine/src/main/java/com/example/dome/persistence/TradeRepository.java:[56,22] cannot find symbol
[ERROR]   symbol:   method quantity()
[ERROR]   location: variable trade of type com.example.dome.model.Trade
[ERROR] /C:/Users/ayush/.gemini/antigravity/scratch/distributed-order-matching-engine/src/main/java/com/example/dome/persistence/TradeRepository.java:[57,37] cannot find symbol
[ERROR]   symbol:   method timestamp()
[ERROR]   location: variable trade of type com.example.dome.model.Trade
[ERROR] -> [Help 1]
[ERROR] 
[ERROR] To see the full stack trace of the errors, re-run Maven with the -e switch.
[ERROR] Re-run Maven using the -X switch to enable full debug logging.
[ERROR] 
[ERROR] For more information about the errors and possible solutions, please read the following articles:
[ERROR] [Help 1] http://cwiki.apache.org/confluence/display/MAVEN/MojoFailureException
